  Determining projects to restore...
  All projects are up-to-date for restore.
  Larrak.CEM.Core -> C:\Users\maxed\OneDrive\Desktop\Github Projects\Larrak\Larrak.CEM\src\Larrak.CEM.Core\bin\Debug\net8.0\Larrak.CEM.Core.dll
  Larrak.CEM.Engine -> C:\Users\maxed\OneDrive\Desktop\Github Projects\Larrak\Larrak.CEM\src\Larrak.CEM.Engine\bin\Debug\net8.0\Larrak.CEM.Engine.dll
C:\Users\maxed\OneDrive\Desktop\Github Projects\Larrak\Larrak.CEM\src\Larrak.CEM.API\Services\CEMServiceImpl.cs(28,26): error CS0104: 'VersionInfo' is an ambiguous reference between 'Larrak.CEM.API.Protos.VersionInfo' and 'Grpc.Core.VersionInfo' [C:\Users\maxed\OneDrive\Desktop\Github Projects\Larrak\Larrak.CEM\src\Larrak.CEM.API\Larrak.CEM.API.csproj]

Build FAILED.

C:\Users\maxed\OneDrive\Desktop\Github Projects\Larrak\Larrak.CEM\src\Larrak.CEM.API\Services\CEMServiceImpl.cs(28,26): error CS0104: 'VersionInfo' is an ambiguous reference between 'Larrak.CEM.API.Protos.VersionInfo' and 'Grpc.Core.VersionInfo' [C:\Users\maxed\OneDrive\Desktop\Github Projects\Larrak\Larrak.CEM\src\Larrak.CEM.API\Larrak.CEM.API.csproj]
    0 Warning(s)
    1 Error(s)

Time Elapsed 00:00:00.95
